0 verbose cli /usr/local/bin/node /usr/local/lib/node_modules/npm/bin/npm-cli.js
1 info using npm@10.9.4
2 info using node@v22.21.1
3 silly config load:file:/usr/local/lib/node_modules/npm/npmrc
4 silly config load:file:/work/.npmrc
5 silly config load:file:/root/.npmrc
6 silly config load:file:/usr/local/etc/npmrc
7 verbose title npm exec prettier@3 --write .
8 verbose argv "exec" "--yes" "--" "prettier@3" "--write" "."
9 verbose logfile logs-max:10 dir:/root/.npm/_logs/2025-11-07T21_21_07_908Z-
10 verbose logfile /root/.npm/_logs/2025-11-07T21_21_07_908Z-debug-0.log
11 silly logfile done cleaning log files
12 silly packumentCache heap:2197815296 maxSize:549453824 maxEntrySize:274726912
13 http fetch GET 200 https://registry.npmjs.org/prettier 101ms (cache miss)
14 silly packumentCache heap:2197815296 maxSize:549453824 maxEntrySize:274726912
15 http fetch GET 200 https://registry.npmjs.org/npm 132ms
16 silly packumentCache heap:2197815296 maxSize:549453824 maxEntrySize:274726912
17 silly idealTree buildDeps
18 silly fetch manifest prettier@3.6.2
19 silly packumentCache full:https://registry.npmjs.org/prettier cache-miss
20 http fetch GET 200 https://registry.npmjs.org/prettier 63ms (cache miss)
21 silly packumentCache full:https://registry.npmjs.org/prettier set size:undefined disposed:false
22 silly placeDep ROOT prettier@3.6.2 OK for:  want: 3.6.2
23 silly reify moves {}
24 silly audit bulk request { prettier: [ '3.6.2' ] }
25 http cache prettier@https://registry.npmjs.org/prettier/-/prettier-3.6.2.tgz 0ms (cache hit)
26 silly tarball no local data for prettier@https://registry.npmjs.org/prettier/-/prettier-3.6.2.tgz. Extracting by manifest.
27 http fetch POST 200 https://registry.npmjs.org/-/npm/v1/security/advisories/bulk 225ms
28 silly audit report {}
29 http fetch GET 200 https://registry.npmjs.org/prettier/-/prettier-3.6.2.tgz 239ms (cache miss)
30 verbose cwd /work
31 verbose os Linux 6.10.14-linuxkit
32 verbose node v22.21.1
33 verbose npm  v10.9.4
34 notice
34 notice New major version of npm available! 10.9.4 -> 11.6.2
34 notice Changelog: https://github.com/npm/cli/releases/tag/v11.6.2
34 notice To update run: npm install -g npm@11.6.2
34 notice  { force: true, [Symbol(proc-log.meta)]: true }
35 verbose exit 1
36 verbose code 1
